// Jest Snapshot v1, https://goo.gl/fbAQLP

exports[`Pruebas en el FirstApp debe de hacer match con el snapshot 1`] = `
<div>
  <h1>
    Hola soy Goku
  </h1>
  <p>
    Elquin Mauricio Cascavita Rios
  </p>
</div>
`;
